// Jest Snapshot v1, https://goo.gl/fbAQLP

exports[`PhotoList is rendering renders the snapshot 1`] = `
<DocumentFragment>
  <div>
    <div
      class="flex-row"
    >
      <h1
        data-testid="here"
      >
        hello
      </h1>
    </div>
  </div>
</DocumentFragment>
`;
